// Jest Snapshot v1, https://goo.gl/fbAQLP

exports[`CaretRight should match snapshot 1`] = `
<div>
  <svg
    class="PJLV"
    fill="none"
    height="18"
    viewBox="0 0 24 24"
    width="18"
    xmlns="http://www.w3.org/2000/svg"
  >
    <path
      class="PJLV"
      d="M9 4.5L16.5 12L9 19.5"
      stroke="#898989"
      stroke-linecap="round"
      stroke-linejoin="round"
      stroke-width="1.5"
    />
  </svg>
</div>
`;
