// Jest Snapshot v1, https://goo.gl/fbAQLP

exports[`Button enabled should be render primary outline style 1`] = `
<div>
  <button
    class="c-gGXbWC c-gGXbWC-cnVzpm-color-primary c-gGXbWC-mFrEj-size-md c-gGXbWC-ibPCDO-variant-outlined c-gGXbWC-bzBBjl-cv"
  >
    Salvar
  </button>
</div>
`;
