// Jest Snapshot v1, https://goo.gl/fbAQLP

exports[`Close should match snapshot 1`] = `
<div>
  <svg
    class="PJLV"
    fill="none"
    height="18"
    viewBox="0 0 24 24"
    width="18"
    xmlns="http://www.w3.org/2000/svg"
  >
    <path
      class="PJLV"
      d="M15 9L9 15M15 15L9 9M21 12C21 16.9706 16.9706 21 12 21C7.02944 21 3 16.9706 3 12C3 7.02944 7.02944 3 12 3C16.9706 3 21 7.02944 21 12Z"
      stroke="#898989"
      stroke-linecap="round"
      stroke-linejoin="round"
      stroke-width="1.5"
    />
  </svg>
</div>
`;
